scale factors loaded, reference group 1344x1080, 13 groups, range 0.575-1.000
11000 images across 11 classes
colour target from 396 RANDOM images: mean [-0.553  0.039  0.002] std [0.368 0.041 0.006]
  500 written...
  1000 written...
  1500 written...
  2000 written...
  2500 written...
  3000 written...
  3500 written...
  4000 written...
  4500 written...
  5000 written...
  5500 written...
  6000 written...
  6500 written...
  7000 written...
  7500 written...
  8000 written...
  8500 written...
  9000 written...
  9500 written...

wrote 9916 remapped boxes -> ../Data/chula_roi2_w477/labels.json
  point probe_occlusion.py / probe_bbox_geometry.py at THIS labels.json,
  never the original -- the coordinate systems differ.

wrote 9897 images to ../Data/chula_roi2_w477
class                          kept  dropped   keep %  egg px @out
------------------------------------------------------------------
  Ascaris lumbricoides          853      147    85.3%          152
  Capillaria philippinensis     948       52    94.8%           97
  Enterobius vermicularis       939       61    93.9%          130
  Fasciolopsis buski            849      151    84.9%          296
  Hookworm egg                  810      190    81.0%          151
  Hymenolepis diminuta          992        8    99.2%          161
  Hymenolepis nana              996        4    99.6%          109
  Opisthorchis viverrine        931       69    93.1%           63
  Paragonimus spp               937       63    93.7%          175
  Taenia spp. egg               834      166    83.4%           93
  Trichuris trichiura           808      192    80.8%          126

'egg px @out' is the median egg long axis in the OUTPUT image. With scale
normalisation working, this column is now pure morphology -- it should
track textbook egg dimensions and nothing else.
Verify with: python -u probe_bbox_geometry.py, and re-run
diagnose_frame_geometry.py on the output.
