scale factors loaded, reference group 1344x1080, 13 groups, range 0.575-1.000
11000 images across 11 classes
colour target from 396 RANDOM images: mean [-0.553  0.039  0.002] std [0.368 0.041 0.006]
  500 written...
  1000 written...
  1500 written...
  2000 written...
  2500 written...
  3000 written...
  3500 written...
  4000 written...
  4500 written...
  5000 written...
  5500 written...
  6000 written...
  6500 written...
  7000 written...
  7500 written...
  8000 written...

wrote 8183 remapped boxes -> ../Data/chula_roi2_w679/labels.json
  point probe_occlusion.py / probe_bbox_geometry.py at THIS labels.json,
  never the original -- the coordinate systems differ.

wrote 8163 images to ../Data/chula_roi2_w679
class                          kept  dropped   keep %  egg px @out
------------------------------------------------------------------
  Ascaris lumbricoides          706      294    70.6%          107
  Capillaria philippinensis     775      225    77.5%           67
  Enterobius vermicularis       763      237    76.3%           92
  Fasciolopsis buski            746      254    74.6%          208
  Hookworm egg                  619      381    61.9%          106
  Hymenolepis diminuta          829      171    82.9%          113
  Hymenolepis nana              840      160    84.0%           76
  Opisthorchis viverrine        771      229    77.1%           44
  Paragonimus spp               767      233    76.7%          123
  Taenia spp. egg               687      313    68.7%           65
  Trichuris trichiura           660      340    66.0%           88

'egg px @out' is the median egg long axis in the OUTPUT image. With scale
normalisation working, this column is now pure morphology -- it should
track textbook egg dimensions and nothing else.
Verify with: python -u probe_bbox_geometry.py, and re-run
diagnose_frame_geometry.py on the output.
