scale factors loaded, reference group 1344x1080, 13 groups, range 0.575-1.000
11000 images across 11 classes
  Ascaris lumbricoides         n=120 median 920
  Capillaria philippinensis    n=120 median 915
  Enterobius vermicularis      n=120 median 918
  Fasciolopsis buski           n=120 median 929
  Hookworm egg                 n=120 median 682
  Hymenolepis diminuta         n=120 median 985
  Hymenolepis nana             n=120 median 924
  Opisthorchis viverrine       n=120 median 915
  Paragonimus spp              n=120 median 958
  Taenia spp. egg              n=120 median 924
  Trichuris trichiura          n=120 median 920

per-class retention  (% of images that can supply the window)
class                               0      477      679
-------------------------------------------------------
  Ascaris lumbricoides         100.0%    90.0%    70.0%
  Capillaria philippinensis    100.0%    95.8%    78.3%
  Enterobius vermicularis      100.0%    92.5%    68.3%
  Fasciolopsis buski           100.0%    85.8%    80.8%
  Hookworm egg                 100.0%    85.8%    68.3%
  Hymenolepis diminuta         100.0%   100.0%    87.5%
  Hymenolepis nana             100.0%   100.0%    85.8%
  Opisthorchis viverrine       100.0%    91.7%    75.8%
  Paragonimus spp              100.0%    96.7%    81.7%
  Taenia spp. egg              100.0%    82.5%    67.5%
  Trichuris trichiura          100.0%    82.5%    70.8%

  ALL                          100.0%    91.2%    75.9%

Pick the largest window whose retention row is FLAT across classes.
A window that drops 40% of one species and 2% of another has replaced
the shortcut with a sampling bias.
